
2026-09-02 00:20:20,929 - training_Data_ingestion - INFO - Request | endpoint : Treasury | query :{'function': 'TREASURY_YIELD', 'interval': 'daily', 'maturity': '30year', 'datatype': 'json', 'apikey': 'your_alpha_vantage_key'}
2026-09-02 00:20:20,955 - training_Data_ingestion - INFO - Info | endpoint : Treasury | fetched 4  data | query : {'function': 'TREASURY_YIELD', 'interval': 'daily', 'maturity': '30year', 'datatype': 'json', 'apikey': 'your_alpha_vantage_key'}
2026-09-02 00:20:22,517 - training_Data_ingestion - INFO - Request | endpoint : WTI | query :{'function': 'WTI', 'interval': 'daily', 'datatype': 'json', 'apikey': 'your_alpha_vantage_key'}
2026-09-02 00:20:22,522 - training_Data_ingestion - INFO - Info | endpoint : WTI | fetched 4  data | query : {'function': 'WTI', 'interval': 'daily', 'datatype': 'json', 'apikey': 'your_alpha_vantage_key'}
2026-09-02 00:20:24,010 - training_Data_ingestion - INFO - Request | endpoint : Gold_history | query :{'function': 'GOLD_SILVER_HISTORY', 'symbol': 'GOLD', 'interval': 'daily', 'apikey': 'your_alpha_vantage_key'}
2026-09-02 00:20:24,013 - training_Data_ingestion - INFO - Info | endpoint : Gold_history | fetched 2  data | query : {'function': 'GOLD_SILVER_HISTORY', 'symbol': 'GOLD', 'interval': 'daily', 'apikey': 'your_alpha_vantage_key'}
2026-09-02 00:20:25,087 - training_Data_ingestion - INFO - Limiting dataset: ibm | cutoff date: 2025-09-02
2026-09-03 00:22:09,593 - training_Data_ingestion - INFO - Request | endpoint : Treasury | query :{'function': 'TREASURY_YIELD', 'interval': 'daily', 'maturity': '30year', 'datatype': 'json', 'apikey': 'your_alpha_vantage_key'}
2026-09-03 00:22:09,621 - training_Data_ingestion - INFO - Info | endpoint : Treasury | fetched 4  data | query : {'function': 'TREASURY_YIELD', 'interval': 'daily', 'maturity': '30year', 'datatype': 'json', 'apikey': 'your_alpha_vantage_key'}
2026-09-03 00:22:11,184 - training_Data_ingestion - INFO - Request | endpoint : WTI | query :{'function': 'WTI', 'interval': 'daily', 'datatype': 'json', 'apikey': 'your_alpha_vantage_key'}
2026-09-03 00:22:11,189 - training_Data_ingestion - INFO - Info | endpoint : WTI | fetched 4  data | query : {'function': 'WTI', 'interval': 'daily', 'datatype': 'json', 'apikey': 'your_alpha_vantage_key'}
2026-09-03 00:22:12,670 - training_Data_ingestion - INFO - Request | endpoint : Gold_history | query :{'function': 'GOLD_SILVER_HISTORY', 'symbol': 'GOLD', 'interval': 'daily', 'apikey': 'your_alpha_vantage_key'}
2026-09-03 00:22:12,672 - training_Data_ingestion - INFO - Info | endpoint : Gold_history | fetched 2  data | query : {'function': 'GOLD_SILVER_HISTORY', 'symbol': 'GOLD', 'interval': 'daily', 'apikey': 'your_alpha_vantage_key'}
2026-09-03 00:22:13,746 - training_Data_ingestion - INFO - Limiting dataset: ibm | cutoff date: 2025-09-03
2026-09-04 00:10:30,139 - training_Data_ingestion - INFO - Request | endpoint : Treasury | query :{'function': 'TREASURY_YIELD', 'interval': 'daily', 'maturity': '30year', 'datatype': 'json', 'apikey': 'your_alpha_vantage_key'}
2026-09-04 00:10:30,170 - training_Data_ingestion - INFO - Info | endpoint : Treasury | fetched 4  data | query : {'function': 'TREASURY_YIELD', 'interval': 'daily', 'maturity': '30year', 'datatype': 'json', 'apikey': 'your_alpha_vantage_key'}
2026-09-04 00:10:31,423 - training_Data_ingestion - INFO - Request | endpoint : WTI | query :{'function': 'WTI', 'interval': 'daily', 'datatype': 'json', 'apikey': 'your_alpha_vantage_key'}
2026-09-04 00:10:31,428 - training_Data_ingestion - INFO - Info | endpoint : WTI | fetched 4  data | query : {'function': 'WTI', 'interval': 'daily', 'datatype': 'json', 'apikey': 'your_alpha_vantage_key'}
2026-09-04 00:10:32,590 - training_Data_ingestion - INFO - Request | endpoint : Gold_history | query :{'function': 'GOLD_SILVER_HISTORY', 'symbol': 'GOLD', 'interval': 'daily', 'apikey': 'your_alpha_vantage_key'}
2026-09-04 00:10:32,592 - training_Data_ingestion - INFO - Info | endpoint : Gold_history | fetched 2  data | query : {'function': 'GOLD_SILVER_HISTORY', 'symbol': 'GOLD', 'interval': 'daily', 'apikey': 'your_alpha_vantage_key'}
2026-09-04 00:10:33,665 - training_Data_ingestion - INFO - Limiting dataset: ibm | cutoff date: 2025-09-04
2026-09-04 13:27:21,808 - training_Data_ingestion - INFO - Request | endpoint : Treasury | query :{'function': 'TREASURY_YIELD', 'interval': 'daily', 'maturity': '30year', 'datatype': 'json', 'apikey': 'your_alpha_vantage_key'}
2026-09-04 13:27:21,836 - training_Data_ingestion - INFO - Info | endpoint : Treasury | fetched 4  data | query : {'function': 'TREASURY_YIELD', 'interval': 'daily', 'maturity': '30year', 'datatype': 'json', 'apikey': 'your_alpha_vantage_key'}
2026-09-04 13:27:23,512 - training_Data_ingestion - INFO - Request | endpoint : WTI | query :{'function': 'WTI', 'interval': 'daily', 'datatype': 'json', 'apikey': 'your_alpha_vantage_key'}
2026-09-04 13:27:23,517 - training_Data_ingestion - INFO - Info | endpoint : WTI | fetched 4  data | query : {'function': 'WTI', 'interval': 'daily', 'datatype': 'json', 'apikey': 'your_alpha_vantage_key'}
2026-09-04 13:27:25,002 - training_Data_ingestion - INFO - Request | endpoint : Gold_history | query :{'function': 'GOLD_SILVER_HISTORY', 'symbol': 'GOLD', 'interval': 'daily', 'apikey': 'your_alpha_vantage_key'}
2026-09-04 13:27:25,005 - training_Data_ingestion - INFO - Info | endpoint : Gold_history | fetched 2  data | query : {'function': 'GOLD_SILVER_HISTORY', 'symbol': 'GOLD', 'interval': 'daily', 'apikey': 'your_alpha_vantage_key'}
2026-09-04 13:27:26,080 - training_Data_ingestion - INFO - Limiting dataset: ibm | cutoff date: 2025-09-04
2026-09-05 00:12:18,819 - training_Data_ingestion - INFO - Request | endpoint : Treasury | query :{'function': 'TREASURY_YIELD', 'interval': 'daily', 'maturity': '30year', 'datatype': 'json', 'apikey': 'your_alpha_vantage_key'}
2026-09-05 00:12:18,846 - training_Data_ingestion - INFO - Info | endpoint : Treasury | fetched 4  data | query : {'function': 'TREASURY_YIELD', 'interval': 'daily', 'maturity': '30year', 'datatype': 'json', 'apikey': 'your_alpha_vantage_key'}
2026-09-05 00:12:20,231 - training_Data_ingestion - INFO - Request | endpoint : WTI | query :{'function': 'WTI', 'interval': 'daily', 'datatype': 'json', 'apikey': 'your_alpha_vantage_key'}
2026-09-05 00:12:20,235 - training_Data_ingestion - INFO - Info | endpoint : WTI | fetched 4  data | query : {'function': 'WTI', 'interval': 'daily', 'datatype': 'json', 'apikey': 'your_alpha_vantage_key'}
2026-09-05 00:12:21,568 - training_Data_ingestion - INFO - Request | endpoint : Gold_history | query :{'function': 'GOLD_SILVER_HISTORY', 'symbol': 'GOLD', 'interval': 'daily', 'apikey': 'your_alpha_vantage_key'}
2026-09-05 00:12:21,570 - training_Data_ingestion - INFO - Info | endpoint : Gold_history | fetched 2  data | query : {'function': 'GOLD_SILVER_HISTORY', 'symbol': 'GOLD', 'interval': 'daily', 'apikey': 'your_alpha_vantage_key'}
2026-09-05 00:12:22,623 - training_Data_ingestion - INFO - Limiting dataset: ibm | cutoff date: 2025-09-05
2026-09-08 00:30:53,819 - training_Data_ingestion - INFO - Request | endpoint : Treasury | query :{'function': 'TREASURY_YIELD', 'interval': 'daily', 'maturity': '30year', 'datatype': 'json', 'apikey': 'your_alpha_vantage_key'}
2026-09-08 00:30:53,849 - training_Data_ingestion - INFO - Info | endpoint : Treasury | fetched 4  data | query : {'function': 'TREASURY_YIELD', 'interval': 'daily', 'maturity': '30year', 'datatype': 'json', 'apikey': 'your_alpha_vantage_key'}
2026-09-08 00:30:55,031 - training_Data_ingestion - INFO - Request | endpoint : WTI | query :{'function': 'WTI', 'interval': 'daily', 'datatype': 'json', 'apikey': 'your_alpha_vantage_key'}
2026-09-08 00:30:55,036 - training_Data_ingestion - INFO - Info | endpoint : WTI | fetched 4  data | query : {'function': 'WTI', 'interval': 'daily', 'datatype': 'json', 'apikey': 'your_alpha_vantage_key'}
2026-09-08 00:30:56,174 - training_Data_ingestion - INFO - Request | endpoint : Gold_history | query :{'function': 'GOLD_SILVER_HISTORY', 'symbol': 'GOLD', 'interval': 'daily', 'apikey': 'your_alpha_vantage_key'}
2026-09-08 00:30:56,176 - training_Data_ingestion - INFO - Info | endpoint : Gold_history | fetched 2  data | query : {'function': 'GOLD_SILVER_HISTORY', 'symbol': 'GOLD', 'interval': 'daily', 'apikey': 'your_alpha_vantage_key'}
2026-09-08 00:30:57,248 - training_Data_ingestion - INFO - Limiting dataset: ibm | cutoff date: 2025-09-05
2026-09-09 00:21:57,262 - training_Data_ingestion - INFO - Request | endpoint : Treasury | query :{'function': 'TREASURY_YIELD', 'interval': 'daily', 'maturity': '30year', 'datatype': 'json', 'apikey': 'your_alpha_vantage_key'}
2026-09-09 00:21:57,291 - training_Data_ingestion - INFO - Info | endpoint : Treasury | fetched 4  data | query : {'function': 'TREASURY_YIELD', 'interval': 'daily', 'maturity': '30year', 'datatype': 'json', 'apikey': 'your_alpha_vantage_key'}
2026-09-09 00:21:59,030 - training_Data_ingestion - INFO - Request | endpoint : WTI | query :{'function': 'WTI', 'interval': 'daily', 'datatype': 'json', 'apikey': 'your_alpha_vantage_key'}
2026-09-09 00:21:59,035 - training_Data_ingestion - INFO - Info | endpoint : WTI | fetched 4  data | query : {'function': 'WTI', 'interval': 'daily', 'datatype': 'json', 'apikey': 'your_alpha_vantage_key'}
2026-09-09 00:22:00,526 - training_Data_ingestion - INFO - Request | endpoint : Gold_history | query :{'function': 'GOLD_SILVER_HISTORY', 'symbol': 'GOLD', 'interval': 'daily', 'apikey': 'your_alpha_vantage_key'}
2026-09-09 00:22:00,528 - training_Data_ingestion - INFO - Info | endpoint : Gold_history | fetched 2  data | query : {'function': 'GOLD_SILVER_HISTORY', 'symbol': 'GOLD', 'interval': 'daily', 'apikey': 'your_alpha_vantage_key'}
2026-09-09 00:22:01,595 - training_Data_ingestion - INFO - Limiting dataset: ibm | cutoff date: 2025-09-09
2026-09-10 00:21:45,966 - training_Data_ingestion - INFO - Request | endpoint : Treasury | query :{'function': 'TREASURY_YIELD', 'interval': 'daily', 'maturity': '30year', 'datatype': 'json', 'apikey': 'your_alpha_vantage_key'}
2026-09-10 00:21:45,998 - training_Data_ingestion - INFO - Info | endpoint : Treasury | fetched 4  data | query : {'function': 'TREASURY_YIELD', 'interval': 'daily', 'maturity': '30year', 'datatype': 'json', 'apikey': 'your_alpha_vantage_key'}
2026-09-10 00:21:47,232 - training_Data_ingestion - INFO - Request | endpoint : WTI | query :{'function': 'WTI', 'interval': 'daily', 'datatype': 'json', 'apikey': 'your_alpha_vantage_key'}
2026-09-10 00:21:47,237 - training_Data_ingestion - INFO - Info | endpoint : WTI | fetched 4  data | query : {'function': 'WTI', 'interval': 'daily', 'datatype': 'json', 'apikey': 'your_alpha_vantage_key'}
2026-09-10 00:21:48,393 - training_Data_ingestion - INFO - Request | endpoint : Gold_history | query :{'function': 'GOLD_SILVER_HISTORY', 'symbol': 'GOLD', 'interval': 'daily', 'apikey': 'your_alpha_vantage_key'}
2026-09-10 00:21:48,395 - training_Data_ingestion - INFO - Info | endpoint : Gold_history | fetched 2  data | query : {'function': 'GOLD_SILVER_HISTORY', 'symbol': 'GOLD', 'interval': 'daily', 'apikey': 'your_alpha_vantage_key'}
2026-09-10 00:21:49,472 - training_Data_ingestion - INFO - Limiting dataset: ibm | cutoff date: 2025-09-10
2026-09-11 00:15:44,077 - training_Data_ingestion - INFO - Request | endpoint : Treasury | query :{'function': 'TREASURY_YIELD', 'interval': 'daily', 'maturity': '30year', 'datatype': 'json', 'apikey': 'your_alpha_vantage_key'}
2026-09-11 00:15:44,103 - training_Data_ingestion - INFO - Info | endpoint : Treasury | fetched 4  data | query : {'function': 'TREASURY_YIELD', 'interval': 'daily', 'maturity': '30year', 'datatype': 'json', 'apikey': 'your_alpha_vantage_key'}
2026-09-11 00:15:45,388 - training_Data_ingestion - INFO - Request | endpoint : WTI | query :{'function': 'WTI', 'interval': 'daily', 'datatype': 'json', 'apikey': 'your_alpha_vantage_key'}
2026-09-11 00:15:45,392 - training_Data_ingestion - INFO - Info | endpoint : WTI | fetched 4  data | query : {'function': 'WTI', 'interval': 'daily', 'datatype': 'json', 'apikey': 'your_alpha_vantage_key'}
2026-09-11 00:15:46,626 - training_Data_ingestion - INFO - Request | endpoint : Gold_history | query :{'function': 'GOLD_SILVER_HISTORY', 'symbol': 'GOLD', 'interval': 'daily', 'apikey': 'your_alpha_vantage_key'}
2026-09-11 00:15:46,628 - training_Data_ingestion - INFO - Info | endpoint : Gold_history | fetched 2  data | query : {'function': 'GOLD_SILVER_HISTORY', 'symbol': 'GOLD', 'interval': 'daily', 'apikey': 'your_alpha_vantage_key'}
2026-09-11 00:15:47,703 - training_Data_ingestion - INFO - Limiting dataset: ibm | cutoff date: 2025-09-11
2026-09-12 00:23:24,841 - training_Data_ingestion - INFO - Request | endpoint : Treasury | query :{'function': 'TREASURY_YIELD', 'interval': 'daily', 'maturity': '30year', 'datatype': 'json', 'apikey': 'your_alpha_vantage_key'}
2026-09-12 00:23:24,883 - training_Data_ingestion - INFO - Info | endpoint : Treasury | fetched 4  data | query : {'function': 'TREASURY_YIELD', 'interval': 'daily', 'maturity': '30year', 'datatype': 'json', 'apikey': 'your_alpha_vantage_key'}
2026-09-12 00:23:26,423 - training_Data_ingestion - INFO - Request | endpoint : WTI | query :{'function': 'WTI', 'interval': 'daily', 'datatype': 'json', 'apikey': 'your_alpha_vantage_key'}
2026-09-12 00:23:26,428 - training_Data_ingestion - INFO - Info | endpoint : WTI | fetched 4  data | query : {'function': 'WTI', 'interval': 'daily', 'datatype': 'json', 'apikey': 'your_alpha_vantage_key'}
2026-09-12 00:23:27,918 - training_Data_ingestion - INFO - Request | endpoint : Gold_history | query :{'function': 'GOLD_SILVER_HISTORY', 'symbol': 'GOLD', 'interval': 'daily', 'apikey': 'your_alpha_vantage_key'}
2026-09-12 00:23:27,921 - training_Data_ingestion - INFO - Info | endpoint : Gold_history | fetched 2  data | query : {'function': 'GOLD_SILVER_HISTORY', 'symbol': 'GOLD', 'interval': 'daily', 'apikey': 'your_alpha_vantage_key'}
2026-09-12 00:23:28,999 - training_Data_ingestion - INFO - Limiting dataset: ibm | cutoff date: 2025-09-12
2026-09-15 00:42:43,262 - training_Data_ingestion - INFO - Request | endpoint : Treasury | query :{'function': 'TREASURY_YIELD', 'interval': 'daily', 'maturity': '30year', 'datatype': 'json', 'apikey': 'your_alpha_vantage_key'}
2026-09-15 00:42:43,288 - training_Data_ingestion - INFO - Info | endpoint : Treasury | fetched 4  data | query : {'function': 'TREASURY_YIELD', 'interval': 'daily', 'maturity': '30year', 'datatype': 'json', 'apikey': 'your_alpha_vantage_key'}
2026-09-15 00:42:44,531 - training_Data_ingestion - INFO - Request | endpoint : WTI | query :{'function': 'WTI', 'interval': 'daily', 'datatype': 'json', 'apikey': 'your_alpha_vantage_key'}
2026-09-15 00:42:44,536 - training_Data_ingestion - INFO - Info | endpoint : WTI | fetched 4  data | query : {'function': 'WTI', 'interval': 'daily', 'datatype': 'json', 'apikey': 'your_alpha_vantage_key'}
2026-09-15 00:42:45,674 - training_Data_ingestion - INFO - Request | endpoint : Gold_history | query :{'function': 'GOLD_SILVER_HISTORY', 'symbol': 'GOLD', 'interval': 'daily', 'apikey': 'your_alpha_vantage_key'}
2026-09-15 00:42:45,677 - training_Data_ingestion - INFO - Info | endpoint : Gold_history | fetched 2  data | query : {'function': 'GOLD_SILVER_HISTORY', 'symbol': 'GOLD', 'interval': 'daily', 'apikey': 'your_alpha_vantage_key'}
2026-09-15 00:42:46,751 - training_Data_ingestion - INFO - Limiting dataset: ibm | cutoff date: 2025-09-15
2026-09-16 00:30:58,769 - training_Data_ingestion - INFO - Request | endpoint : Treasury | query :{'function': 'TREASURY_YIELD', 'interval': 'daily', 'maturity': '30year', 'datatype': 'json', 'apikey': 'your_alpha_vantage_key'}
2026-09-16 00:30:58,793 - training_Data_ingestion - INFO - Info | endpoint : Treasury | fetched 4  data | query : {'function': 'TREASURY_YIELD', 'interval': 'daily', 'maturity': '30year', 'datatype': 'json', 'apikey': 'your_alpha_vantage_key'}
2026-09-16 00:31:00,128 - training_Data_ingestion - INFO - Request | endpoint : WTI | query :{'function': 'WTI', 'interval': 'daily', 'datatype': 'json', 'apikey': 'your_alpha_vantage_key'}
2026-09-16 00:31:00,131 - training_Data_ingestion - INFO - Info | endpoint : WTI | fetched 4  data | query : {'function': 'WTI', 'interval': 'daily', 'datatype': 'json', 'apikey': 'your_alpha_vantage_key'}
2026-09-16 00:31:01,401 - training_Data_ingestion - INFO - Request | endpoint : Gold_history | query :{'function': 'GOLD_SILVER_HISTORY', 'symbol': 'GOLD', 'interval': 'daily', 'apikey': 'your_alpha_vantage_key'}
2026-09-16 00:31:01,402 - training_Data_ingestion - INFO - Info | endpoint : Gold_history | fetched 2  data | query : {'function': 'GOLD_SILVER_HISTORY', 'symbol': 'GOLD', 'interval': 'daily', 'apikey': 'your_alpha_vantage_key'}
2026-09-16 00:31:02,450 - training_Data_ingestion - INFO - Limiting dataset: ibm | cutoff date: 2025-09-16
2026-09-17 00:39:48,168 - training_Data_ingestion - INFO - Request | endpoint : Treasury | query :{'function': 'TREASURY_YIELD', 'interval': 'daily', 'maturity': '30year', 'datatype': 'json', 'apikey': 'your_alpha_vantage_key'}
2026-09-17 00:39:48,196 - training_Data_ingestion - INFO - Info | endpoint : Treasury | fetched 4  data | query : {'function': 'TREASURY_YIELD', 'interval': 'daily', 'maturity': '30year', 'datatype': 'json', 'apikey': 'your_alpha_vantage_key'}
2026-09-17 00:39:49,669 - training_Data_ingestion - INFO - Request | endpoint : WTI | query :{'function': 'WTI', 'interval': 'daily', 'datatype': 'json', 'apikey': 'your_alpha_vantage_key'}
2026-09-17 00:39:49,674 - training_Data_ingestion - INFO - Info | endpoint : WTI | fetched 4  data | query : {'function': 'WTI', 'interval': 'daily', 'datatype': 'json', 'apikey': 'your_alpha_vantage_key'}
2026-09-17 00:39:51,051 - training_Data_ingestion - INFO - Request | endpoint : Gold_history | query :{'function': 'GOLD_SILVER_HISTORY', 'symbol': 'GOLD', 'interval': 'daily', 'apikey': 'your_alpha_vantage_key'}
2026-09-17 00:39:51,053 - training_Data_ingestion - INFO - Info | endpoint : Gold_history | fetched 2  data | query : {'function': 'GOLD_SILVER_HISTORY', 'symbol': 'GOLD', 'interval': 'daily', 'apikey': 'your_alpha_vantage_key'}
2026-09-17 00:39:52,130 - training_Data_ingestion - INFO - Limiting dataset: ibm | cutoff date: 2025-09-17
2026-09-18 00:29:19,287 - training_Data_ingestion - INFO - Request | endpoint : Treasury | query :{'function': 'TREASURY_YIELD', 'interval': 'daily', 'maturity': '30year', 'datatype': 'json', 'apikey': 'your_alpha_vantage_key'}
2026-09-18 00:29:19,315 - training_Data_ingestion - INFO - Info | endpoint : Treasury | fetched 4  data | query : {'function': 'TREASURY_YIELD', 'interval': 'daily', 'maturity': '30year', 'datatype': 'json', 'apikey': 'your_alpha_vantage_key'}
2026-09-18 00:29:20,557 - training_Data_ingestion - INFO - Request | endpoint : WTI | query :{'function': 'WTI', 'interval': 'daily', 'datatype': 'json', 'apikey': 'your_alpha_vantage_key'}
2026-09-18 00:29:20,561 - training_Data_ingestion - INFO - Info | endpoint : WTI | fetched 4  data | query : {'function': 'WTI', 'interval': 'daily', 'datatype': 'json', 'apikey': 'your_alpha_vantage_key'}
2026-09-18 00:29:21,721 - training_Data_ingestion - INFO - Request | endpoint : Gold_history | query :{'function': 'GOLD_SILVER_HISTORY', 'symbol': 'GOLD', 'interval': 'daily', 'apikey': 'your_alpha_vantage_key'}
2026-09-18 00:29:21,724 - training_Data_ingestion - INFO - Info | endpoint : Gold_history | fetched 2  data | query : {'function': 'GOLD_SILVER_HISTORY', 'symbol': 'GOLD', 'interval': 'daily', 'apikey': 'your_alpha_vantage_key'}
2026-09-18 00:29:22,798 - training_Data_ingestion - INFO - Limiting dataset: ibm | cutoff date: 2025-09-18
2026-09-19 00:25:34,958 - training_Data_ingestion - INFO - Request | endpoint : Treasury | query :{'function': 'TREASURY_YIELD', 'interval': 'daily', 'maturity': '30year', 'datatype': 'json', 'apikey': 'your_alpha_vantage_key'}
2026-09-19 00:25:34,993 - training_Data_ingestion - INFO - Info | endpoint : Treasury | fetched 4  data | query : {'function': 'TREASURY_YIELD', 'interval': 'daily', 'maturity': '30year', 'datatype': 'json', 'apikey': 'your_alpha_vantage_key'}
2026-09-19 00:25:36,396 - training_Data_ingestion - INFO - Request | endpoint : WTI | query :{'function': 'WTI', 'interval': 'daily', 'datatype': 'json', 'apikey': 'your_alpha_vantage_key'}
2026-09-19 00:25:36,401 - training_Data_ingestion - INFO - Info | endpoint : WTI | fetched 4  data | query : {'function': 'WTI', 'interval': 'daily', 'datatype': 'json', 'apikey': 'your_alpha_vantage_key'}
2026-09-19 00:25:37,746 - training_Data_ingestion - INFO - Request | endpoint : Gold_history | query :{'function': 'GOLD_SILVER_HISTORY', 'symbol': 'GOLD', 'interval': 'daily', 'apikey': 'your_alpha_vantage_key'}
2026-09-19 00:25:37,748 - training_Data_ingestion - INFO - Info | endpoint : Gold_history | fetched 2  data | query : {'function': 'GOLD_SILVER_HISTORY', 'symbol': 'GOLD', 'interval': 'daily', 'apikey': 'your_alpha_vantage_key'}
2026-09-19 00:25:38,821 - training_Data_ingestion - INFO - Limiting dataset: ibm | cutoff date: 2025-09-19
2026-09-21 14:54:51,207 - training_Data_ingestion - INFO - Request | endpoint : Treasury | query :{'function': 'TREASURY_YIELD', 'interval': 'daily', 'maturity': '30year', 'datatype': 'json', 'apikey': 'your_alpha_vantage_key'}
2026-09-21 14:54:51,235 - training_Data_ingestion - INFO - Info | endpoint : Treasury | fetched 4  data | query : {'function': 'TREASURY_YIELD', 'interval': 'daily', 'maturity': '30year', 'datatype': 'json', 'apikey': 'your_alpha_vantage_key'}
2026-09-21 14:54:52,670 - training_Data_ingestion - INFO - Request | endpoint : WTI | query :{'function': 'WTI', 'interval': 'daily', 'datatype': 'json', 'apikey': 'your_alpha_vantage_key'}
2026-09-21 14:54:52,675 - training_Data_ingestion - INFO - Info | endpoint : WTI | fetched 4  data | query : {'function': 'WTI', 'interval': 'daily', 'datatype': 'json', 'apikey': 'your_alpha_vantage_key'}
2026-09-21 14:54:54,044 - training_Data_ingestion - INFO - Request | endpoint : Gold_history | query :{'function': 'GOLD_SILVER_HISTORY', 'symbol': 'GOLD', 'interval': 'daily', 'apikey': 'your_alpha_vantage_key'}
2026-09-21 14:54:54,046 - training_Data_ingestion - INFO - Info | endpoint : Gold_history | fetched 2  data | query : {'function': 'GOLD_SILVER_HISTORY', 'symbol': 'GOLD', 'interval': 'daily', 'apikey': 'your_alpha_vantage_key'}
2026-09-21 14:54:55,123 - training_Data_ingestion - INFO - Limiting dataset: ibm | cutoff date: 2025-09-22
2026-09-22 00:55:11,500 - training_Data_ingestion - INFO - Request | endpoint : Treasury | query :{'function': 'TREASURY_YIELD', 'interval': 'daily', 'maturity': '30year', 'datatype': 'json', 'apikey': 'your_alpha_vantage_key'}
2026-09-22 00:55:11,532 - training_Data_ingestion - INFO - Info | endpoint : Treasury | fetched 4  data | query : {'function': 'TREASURY_YIELD', 'interval': 'daily', 'maturity': '30year', 'datatype': 'json', 'apikey': 'your_alpha_vantage_key'}
2026-09-22 00:55:12,843 - training_Data_ingestion - INFO - Request | endpoint : WTI | query :{'function': 'WTI', 'interval': 'daily', 'datatype': 'json', 'apikey': 'your_alpha_vantage_key'}
2026-09-22 00:55:12,848 - training_Data_ingestion - INFO - Info | endpoint : WTI | fetched 4  data | query : {'function': 'WTI', 'interval': 'daily', 'datatype': 'json', 'apikey': 'your_alpha_vantage_key'}
2026-09-22 00:55:14,128 - training_Data_ingestion - INFO - Request | endpoint : Gold_history | query :{'function': 'GOLD_SILVER_HISTORY', 'symbol': 'GOLD', 'interval': 'daily', 'apikey': 'your_alpha_vantage_key'}
2026-09-22 00:55:14,131 - training_Data_ingestion - INFO - Info | endpoint : Gold_history | fetched 2  data | query : {'function': 'GOLD_SILVER_HISTORY', 'symbol': 'GOLD', 'interval': 'daily', 'apikey': 'your_alpha_vantage_key'}
2026-09-22 00:55:15,202 - training_Data_ingestion - INFO - Limiting dataset: ibm | cutoff date: 2025-09-22
2026-09-23 00:43:22,533 - training_Data_ingestion - INFO - Request | endpoint : Treasury | query :{'function': 'TREASURY_YIELD', 'interval': 'daily', 'maturity': '30year', 'datatype': 'json', 'apikey': 'your_alpha_vantage_key'}
2026-09-23 00:43:22,569 - training_Data_ingestion - INFO - Info | endpoint : Treasury | fetched 4  data | query : {'function': 'TREASURY_YIELD', 'interval': 'daily', 'maturity': '30year', 'datatype': 'json', 'apikey': 'your_alpha_vantage_key'}
2026-09-23 00:43:24,096 - training_Data_ingestion - INFO - Request | endpoint : WTI | query :{'function': 'WTI', 'interval': 'daily', 'datatype': 'json', 'apikey': 'your_alpha_vantage_key'}
2026-09-23 00:43:24,102 - training_Data_ingestion - INFO - Info | endpoint : WTI | fetched 4  data | query : {'function': 'WTI', 'interval': 'daily', 'datatype': 'json', 'apikey': 'your_alpha_vantage_key'}
2026-09-23 00:43:25,586 - training_Data_ingestion - INFO - Request | endpoint : Gold_history | query :{'function': 'GOLD_SILVER_HISTORY', 'symbol': 'GOLD', 'interval': 'daily', 'apikey': 'your_alpha_vantage_key'}
2026-09-23 00:43:25,590 - training_Data_ingestion - INFO - Info | endpoint : Gold_history | fetched 2  data | query : {'function': 'GOLD_SILVER_HISTORY', 'symbol': 'GOLD', 'interval': 'daily', 'apikey': 'your_alpha_vantage_key'}
2026-09-23 00:43:26,663 - training_Data_ingestion - INFO - Limiting dataset: ibm | cutoff date: 2025-09-23
2026-09-24 00:35:55,462 - training_Data_ingestion - INFO - Request | endpoint : Treasury | query :{'function': 'TREASURY_YIELD', 'interval': 'daily', 'maturity': '30year', 'datatype': 'json', 'apikey': 'your_alpha_vantage_key'}
2026-09-24 00:35:55,490 - training_Data_ingestion - INFO - Info | endpoint : Treasury | fetched 4  data | query : {'function': 'TREASURY_YIELD', 'interval': 'daily', 'maturity': '30year', 'datatype': 'json', 'apikey': 'your_alpha_vantage_key'}
2026-09-24 00:35:56,708 - training_Data_ingestion - INFO - Request | endpoint : WTI | query :{'function': 'WTI', 'interval': 'daily', 'datatype': 'json', 'apikey': 'your_alpha_vantage_key'}
2026-09-24 00:35:56,711 - training_Data_ingestion - INFO - Info | endpoint : WTI | fetched 4  data | query : {'function': 'WTI', 'interval': 'daily', 'datatype': 'json', 'apikey': 'your_alpha_vantage_key'}
2026-09-24 00:35:57,902 - training_Data_ingestion - INFO - Request | endpoint : Gold_history | query :{'function': 'GOLD_SILVER_HISTORY', 'symbol': 'GOLD', 'interval': 'daily', 'apikey': 'your_alpha_vantage_key'}
2026-09-24 00:35:57,903 - training_Data_ingestion - INFO - Info | endpoint : Gold_history | fetched 2  data | query : {'function': 'GOLD_SILVER_HISTORY', 'symbol': 'GOLD', 'interval': 'daily', 'apikey': 'your_alpha_vantage_key'}
2026-09-24 00:35:58,944 - training_Data_ingestion - INFO - Limiting dataset: ibm | cutoff date: 2025-09-24
